Copyright 1986-2018 Xilinx, Inc. All Rights Reserved.
--------------------------------------------------------------------------------------------------------------------------------------------------------------------------------------------
| Tool Version      : Vivado v.2018.2 (lin64) Build 2258646 Thu Jun 14 20:02:38 MDT 2018
| Date              : Wed Jun 19 15:57:45 2019
| Host              : joe-ubu-vm running 64-bit Ubuntu 18.04.2 LTS
| Command           : report_bus_skew -warn_on_violation -file sensors96b_wrapper_bus_skew_routed.rpt -pb sensors96b_wrapper_bus_skew_routed.pb -rpx sensors96b_wrapper_bus_skew_routed.rpx
| Design            : sensors96b_wrapper
| Device            : xczu3eg-sbva484
| Speed File        : -1  PRODUCTION 1.20 05-21-2018
| Temperature Grade : I
--------------------------------------------------------------------------------------------------------------------------------------------------------------------------------------------

Bus Skew Report

No bus skew constraints

